// Jest Snapshot v1, https://goo.gl/fbAQLP

exports[`Mode component should render correctly 1`] = `
<div>
  <Button__ModeButton
    key="simple"
    onClick={[Function]}
  >
    Simple
  </Button__ModeButton>
  <Button__ModeButton
    key="rent"
    onClick={[Function]}
  >
    RENT
  </Button__ModeButton>
  <Button__ModeButton
    key="sunset"
    onClick={[Function]}
  >
    Sunset
  </Button__ModeButton>
  <Button__ModeButton
    key="unix"
    onClick={[Function]}
  >
    Unix
  </Button__ModeButton>
</div>
`;
