// Jest Snapshot v1, https://goo.gl/fbAQLP

exports[`Clock component should render correctly 1`] = `
<div
  style={
    Object {
      "alignItems": "center",
      "color": "#eeeeee",
      "display": "flex",
      "flexDirection": "column",
      "height": "100vh",
      "justifyContent": "center",
      "width": "100vw",
    }
  }
>
  <h1>
    12:34:56
  </h1>
  <h2>
    #123456
  </h2>
</div>
`;
