// Jest Snapshot v1, https://goo.gl/fbAQLP

exports[`Clock component should render correctly 1`] = `
<div
  style={
    Object {
      "color": "#eeeeee",
      "textAlign": "center",
    }
  }
>
  <h1
    style={
      Object {
        "margin": 0,
      }
    }
  >
    12:34:56
  </h1>
  <h2>
    #123456
  </h2>
</div>
`;
