// Jest Snapshot v1, https://goo.gl/fbAQLP

exports[`Content component should render correctly 1`] = `
<div
  style={
    Object {
      "alignItems": "center",
      "display": "flex",
      "flexDirection": "column",
      "height": "100vh",
      "justifyContent": "center",
      "width": "100vw",
    }
  }
/>
`;
