// Jest Snapshot v1, https://goo.gl/fbAQLP

exports[`ModeButtons component should render correctly 1`] = `
<div>
  <button
    key="simple"
    onClick={[Function]}
    style={
      Object {
        "background": "#fff9",
        "border": 0,
        "borderRadius": "0.25rem",
        "margin": "0.5rem",
        "padding": "1rem",
      }
    }
  >
    Simple
  </button>
  <button
    key="rent"
    onClick={[Function]}
    style={
      Object {
        "background": "#fff9",
        "border": 0,
        "borderRadius": "0.25rem",
        "margin": "0.5rem",
        "padding": "1rem",
      }
    }
  >
    RENT
  </button>
  <button
    key="sunrise"
    onClick={[Function]}
    style={
      Object {
        "background": "#fff9",
        "border": 0,
        "borderRadius": "0.25rem",
        "margin": "0.5rem",
        "padding": "1rem",
      }
    }
  >
    Sunrise
  </button>
  <button
    key="unix"
    onClick={[Function]}
    style={
      Object {
        "background": "#fff9",
        "border": 0,
        "borderRadius": "0.25rem",
        "margin": "0.5rem",
        "padding": "1rem",
      }
    }
  >
    Unix
  </button>
</div>
`;
